]0;~/Documents/Rpackages/fastaf[?1034h(base) Arinas-Air-2:fastaf arinetencate-hoek$ git init
Reinitialized existing Git repository in /Users/arinetencate-hoek/Documents/Rpackages/fastaf/.git/
]0;~/Documents/Rpackages/fastaf(base) Arinas-Air-2:fastaf arinetencate-hoek$ git remote add origin https://github.com/username/reponame
]0;~/Documents/Rpackages/fastaf(base) Arinas-Air-2:fastaf arinetencate-hoek$ git remote add origin https://github.com/username/reponame[K[K[K[K[K[K[K[K[K[K[K[K[K[K[K[K[Kvincent0[K10kd/fastaf
fatal: remote origin already exists.
]0;~/Documents/Rpackages/fastaf(base) Arinas-Air-2:fastaf arinetencate-hoek$ git remote set-origin [K[K[K[K[K[K[Kurl origin[Kn https://github.com/vinent1[K[K[K[Kcent10kd/fastaf
]0;~/Documents/Rpackages/fastaf(base) Arinas-Air-2:fastaf arinetencate-hoek$ git remote -v
origin	https://github.com/vincent10kd/fastaf (fetch)
origin	https://github.com/vincent10kd/fastaf (push)
]0;~/Documents/Rpackages/fastaf(base) Arinas-Air-2:fastaf arinetencate-hoek$ git push -u origin master
error: src refspec master does not match any.
error: failed to push some refs to 'https://github.com/vincent10kd/fastaf'
]0;~/Documents/Rpackages/fastaf(base) Arinas-Air-2:fastaf arinetencate-hoek$ git init
Reinitialized existing Git repository in /Users/arinetencate-hoek/Documents/Rpackages/fastaf/.git/
]0;~/Documents/Rpackages/fastaf(base) Arinas-Air-2:fastaf arinetencate-hoek$ git remote -v
origin	https://github.com/vincent10kd/fastaf (fetch)
origin	https://github.com/vincent10kd/fastaf (push)
]0;~/Documents/Rpackages/fastaf(base) Arinas-Air-2:fastaf arinetencate-hoek$ git push origin mater[K[K[Kster
error: src refspec master does not match any.
error: failed to push some refs to 'https://github.com/vincent10kd/fastaf'
]0;~/Documents/Rpackages/fastaf(base) Arinas-Air-2:fastaf arinetencate-hoek$ git add .
HEAD is now at 8cb008d first push
]0;~/Documents/Rpackages/fastaf(base) Arinas-Air-2:fastaf arinetencate-hoek$ ls
DESCRIPTION	NAMESPACE	R		fastaf.Rproj	man
]0;~/Documents/Rpackages/fastaf(base) Arinas-Air-2:fastaf arinetencate-hoek$ git add.[K .
]0;~/Documents/Rpackages/fastaf(base) Arinas-Air-2:fastaf arinetencate-hoek$ git commit
hint: Waiting for your editor to close the file... [?2004h[KAborting commit due to empty commit message.
]0;~/Documents/Rpackages/fastaf(base) Arinas-Air-2:fastaf arinetencate-hoek$ git commit "fir[K[K[K[K-m "first commit"
[master e500021] first commit
 Committer: Arina ten Cate - Hoek <arinetencate-hoek@Arinas-Air-2.fritz.box>
Your name and email address were configured automatically based
on your username and hostname. Please check that they are accurate.
You can suppress this message by setting them explicitly. Run the
following command and follow the instructions in your editor to edit
your configuration file:

    git config --global --edit

After doing this, you may fix the identity used for this commit with:

    git commit --amend --reset-author

 3 files changed, 9 insertions(+), 5 deletions(-)
 rewrite .Rproj.user/84C5911E/console06/INDEX001 (100%)
]0;~/Documents/Rpackages/fastaf(base) Arinas-Air-2:fastaf arinetencate-hoek$ ls
DESCRIPTION	NAMESPACE	R		fastaf.Rproj	man
]0;~/Documents/Rpackages/fastaf(base) Arinas-Air-2:fastaf arinetencate-hoek$ git push origin master
fatal: cannot run rpostback-askpass: No such file or directory
Username for 'https://github.com': vincent10kd
fatal: cannot run rpostback-askpass: No such file or directory
Password for 'https://vincent10kd@github.com': 
remote: Support for password authentication was removed on August 13, 2021.
remote: Please see https://docs.github.com/get-started/getting-started-with-git/about-remote-repositories#cloning-with-https-urls for information on currently recommended modes of authentication.
fatal: Authentication failed for 'https://github.com/vincent10kd/fastaf/'
]0;~/Documents/Rpackages/fastaf(base) Arinas-Air-2:fastaf arinetencate-hoek$ ls
DESCRIPTION	NAMESPACE	R		fastaf.Rproj	man
]0;~/Documents/Rpackages/fastaf(base) Arinas-Air-2:fastaf arinetencate-hoek$ cd R
]0;~/Documents/Rpackages/fastaf/R(base) Arinas-Air-2:R arinetencate-hoek$ ls
colnames_fast.R		head_fast.R		sample_rows.R		subset_match.R
combine_columns.R	hello.R			subset_condition.R	subset_match_fast.R
dim_fast.R		read_fast.R		subset_grep.R		tail_fast.R
]0;~/Documents/Rpackages/fastaf/R(base) Arinas-Air-2:R arinetencate-hoek$ git add .
]0;~/Documents/Rpackages/fastaf/R(base) Arinas-Air-2:R arinetencate-hoek$ git commit -m "add all"
On branch master
Changes not staged for commit:
	[31mmodified:   ../.Rproj.user/84C5911E/console06/84ACCDC0[m
	[31mmodified:   ../.Rproj.user/84C5911E/console06/INDEX001[m

no changes added to commit
]0;~/Documents/Rpackages/fastaf/R(base) Arinas-Air-2:R arinetencate-hoek$ rm -rf .git
]0;~/Documents/Rpackages/fastaf/R(base) Arinas-Air-2:R arinetencate-hoek$ 
]0;~/Documents/Rpackages/fastaf/R(base) Arinas-Air-2:R arinetencate-hoek$ git init
Initialized empty Git repository in /Users/arinetencate-hoek/Documents/Rpackages/fastaf/R/.git/
]0;~/Documents/Rpackages/fastaf/R(base) Arinas-Air-2:R arinetencate-hoek$ git add
Nothing specified, nothing added.
Maybe you wanted to say 'git add .'?
]0;~/Documents/Rpackages/fastaf/R(base) Arinas-Air-2:R arinetencate-hoek$ git add .
]0;~/Documents/Rpackages/fastaf/R(base) Arinas-Air-2:R arinetencate-hoek$ git commit -m "first"
[master (root-commit) a00caae] first
 Committer: Arina ten Cate - Hoek <arinetencate-hoek@Arinas-Air-2.fritz.box>
Your name and email address were configured automatically based
on your username and hostname. Please check that they are accurate.
You can suppress this message by setting them explicitly. Run the
following command and follow the instructions in your editor to edit
your configuration file:

    git config --global --edit

After doing this, you may fix the identity used for this commit with:

    git commit --amend --reset-author

 12 files changed, 264 insertions(+)
 create mode 100644 colnames_fast.R
 create mode 100644 combine_columns.R
 create mode 100644 dim_fast.R
 create mode 100644 head_fast.R
 create mode 100644 hello.R
 create mode 100644 read_fast.R
 create mode 100644 sample_rows.R
 create mode 100644 subset_condition.R
 create mode 100644 subset_grep.R
 create mode 100644 subset_match.R
 create mode 100644 subset_match_fast.R
 create mode 100644 tail_fast.R
]0;~/Documents/Rpackages/fastaf/R(base) Arinas-Air-2:R arinetencate-hoek$ git pish[K[K[Kush origin master
fatal: 'origin' does not appear to be a git repository
fatal: Could not read from remote repository.

Please make sure you have the correct access rights
and the repository exists.
]0;~/Documents/Rpackages/fastaf/R[?1034h(base) Arinas-Air-2:R arinetencate-hoek$ git status
On branch master
nothing to commit, working tree clean
]0;~/Documents/Rpackages/fastaf/R(base) Arinas-Air-2:R arinetencate-hoek$ ls
colnames_fast.R		head_fast.R		sample_rows.R		subset_match.R
combine_columns.R	hello.R			subset_condition.R	subset_match_fast.R
dim_fast.R		read_fast.R		subset_grep.R		tail_fast.R
]0;~/Documents/Rpackages/fastaf/R(base) Arinas-Air-2:R arinetencate-hoek$ cd ..
]0;~/Documents/Rpackages/fastaf(base) Arinas-Air-2:fastaf arinetencate-hoek$ ls
DESCRIPTION	NAMESPACE	R		fastaf.Rproj	man
]0;~/Documents/Rpackages/fastaf(base) Arinas-Air-2:fastaf arinetencate-hoek$ git add .
]0;~/Documents/Rpackages/fastaf(base) Arinas-Air-2:fastaf arinetencate-hoek$ git commit -m "second"
[master ef48a75] second
 Committer: Arina ten Cate - Hoek <arinetencate-hoek@Arinas-Air-2.fritz.box>
Your name and email address were configured automatically based
on your username and hostname. Please check that they are accurate.
You can suppress this message by setting them explicitly. Run the
following command and follow the instructions in your editor to edit
your configuration file:

    git config --global --edit

After doing this, you may fix the identity used for this commit with:

    git commit --amend --reset-author

 28 files changed, 108 insertions(+), 504 deletions(-)
 rewrite .Rproj.user/84C5911E/console06/INDEX001 (85%)
 delete mode 100644 .Rproj.user/84C5911E/sources/s-E9203EA5/3F6CB57D
 delete mode 100644 .Rproj.user/84C5911E/sources/s-E9203EA5/3F6CB57D-contents
 delete mode 100644 .Rproj.user/84C5911E/sources/s-E9203EA5/5397F691
 delete mode 100644 .Rproj.user/84C5911E/sources/s-E9203EA5/5397F691-contents
 delete mode 100644 .Rproj.user/84C5911E/sources/s-E9203EA5/5F842183
 delete mode 100644 .Rproj.user/84C5911E/sources/s-E9203EA5/5F842183-contents
 delete mode 100644 .Rproj.user/84C5911E/sources/s-E9203EA5/76D3CF18
 delete mode 100644 .Rproj.user/84C5911E/sources/s-E9203EA5/76D3CF18-contents
 delete mode 100644 .Rproj.user/84C5911E/sources/s-E9203EA5/82A82A85
 delete mode 100644 .Rproj.user/84C5911E/sources/s-E9203EA5/82A82A85-contents
 delete mode 100644 .Rproj.user/84C5911E/sources/s-E9203EA5/8B3A2ACA
 delete mode 100644 .Rproj.user/84C5911E/sources/s-E9203EA5/8B3A2ACA-contents
 delete mode 100644 .Rproj.user/84C5911E/sources/s-E9203EA5/8D298E74
 delete mode 100644 .Rproj.user/84C5911E/sources/s-E9203EA5/8D298E74-contents
 delete mode 100644 .Rproj.user/84C5911E/sources/s-E9203EA5/AE12A072
 delete mode 100644 .Rproj.user/84C5911E/sources/s-E9203EA5/AE12A072-contents
 delete mode 100644 .Rproj.user/84C5911E/sources/s-E9203EA5/B4143D31
 delete mode 100644 .Rproj.user/84C5911E/sources/s-E9203EA5/B4143D31-contents
 delete mode 100644 .Rproj.user/84C5911E/sources/s-E9203EA5/BDE464B8
 delete mode 100644 .Rproj.user/84C5911E/sources/s-E9203EA5/BDE464B8-contents
 delete mode 100644 .Rproj.user/84C5911E/sources/s-E9203EA5/D11ACB2F
 delete mode 100644 .Rproj.user/84C5911E/sources/s-E9203EA5/D11ACB2F-contents
 delete mode 100644 .Rproj.user/84C5911E/sources/s-E9203EA5/lock_file
 create mode 100644 .gitignore
]0;~/Documents/Rpackages/fastaf(base) Arinas-Air-2:fastaf arinetencate-hoek$ git remote add origin git@github.com:vincent10kd/fastaf
fatal: remote origin already exists.
]0;~/Documents/Rpackages/fastaf(base) Arinas-Air-2:fastaf arinetencate-hoek$ git push -u origin master
fatal: cannot run rpostback-askpass: No such file or directory
Username for 'https://github.com': vincent10kd
fatal: cannot run rpostback-askpass: No such file or directory
Password for 'https://vincent10kd@github.com': 
remote: Support for password authentication was removed on August 13, 2021.
remote: Please see https://docs.github.com/get-started/getting-started-with-git/about-remote-repositories#cloning-with-https-urls for information on currently recommended modes of authentication.
fatal: Authentication failed for 'https://github.com/vincent10kd/fastaf/'
]0;~/Documents/Rpackages/fastaf(base) Arinas-Air-2:fastaf arinetencate-hoek$ git push -u origin master
fatal: cannot run rpostback-askpass: No such file or directory
Username for 'https://github.com': vincent10kd
fatal: cannot run rpostback-askpass: No such file or directory
Password for 'https://vincent10kd@github.com': 
remote: Support for password authentication was removed on August 13, 2021.
remote: Please see https://docs.github.com/get-started/getting-started-with-git/about-remote-repositories#cloning-with-https-urls for information on currently recommended modes of authentication.
fatal: Authentication failed for 'https://github.com/vincent10kd/fastaf/'
]0;~/Documents/Rpackages/fastaf(base) Arinas-Air-2:fastaf arinetencate-hoek$ git remote set-url origin git@github.com/vincent10kd/fastaf.git
]0;~/Documents/Rpackages/fastaf(base) Arinas-Air-2:fastaf arinetencate-hoek$ git push
fatal: The current branch master has no upstream branch.
To push the current branch and set the remote as upstream, use

    git push --set-upstream origin master

]0;~/Documents/Rpackages/fastaf(base) Arinas-Air-2:fastaf arinetencate-hoek$ git push --set-upstream origin master
fatal: 'git@github.com/vincent10kd/fastaf.git' does not appear to be a git repository
fatal: Could not read from remote repository.

Please make sure you have the correct access rights
and the repository exists.
]0;~/Documents/Rpackages/fastaf(base) Arinas-Air-2:fastaf arinetencate-hoek$ ssh -T
usage: ssh [-46AaCfGgKkMNnqsTtVvXxYy] [-b bind_address] [-c cipher_spec]
           [-D [bind_address:]port] [-E log_file] [-e escape_char]
           [-F configfile] [-I pkcs11] [-i identity_file]
           [-J [user@]host[:port]] [-L address] [-l login_name] [-m mac_spec]
           [-O ctl_cmd] [-o option] [-p port] [-Q query_option] [-R address]
           [-S ctl_path] [-W host:port] [-w local_tun[:remote_tun]]
           [user@]hostname [command]
]0;~/Documents/Rpackages/fastaf(base) Arinas-Air-2:fastaf arinetencate-hoek$ git add .
]0;~/Documents/Rpackages/fastaf(base) Arinas-Air-2:fastaf arinetencate-hoek$ git commit -m "first"
[master 096a2ff] first
 Committer: Arina ten Cate - Hoek <arinetencate-hoek@Arinas-Air-2.fritz.box>
Your name and email address were configured automatically based
on your username and hostname. Please check that they are accurate.
You can suppress this message by setting them explicitly. Run the
following command and follow the instructions in your editor to edit
your configuration file:

    git config --global --edit

After doing this, you may fix the identity used for this commit with:

    git commit --amend --reset-author

 1 file changed, 82 insertions(+), 1 deletion(-)
]0;~/Documents/Rpackages/fastaf(base) Arinas-Air-2:fastaf arinetencate-hoek$ git push origin master
fatal: 'git@github.com/vincent10kd/fastaf.git' does not appear to be a git repository
fatal: Could not read from remote repository.

Please make sure you have the correct access rights
and the repository exists.
]0;~/Documents/Rpackages/fastaf(base) Arinas-Air-2:fastaf arinetencate-hoek$ git push origin master[1Pcommit -m "first"add .[K[3Pssh -Tgit push --set-upstream origin master[Kremote set-url origin git@github.com/vincent10kd/fastaf.git[K[K[K[K
]0;~/Documents/Rpackages/fastaf(base) Arinas-Air-2:fastaf arinetencate-hoek$ git add .